# serializer version: 1
# name: test_entry_diagnostics
  dict({
    'data': dict({
      'lock_entities': list([
        'lock.front_door',
      ]),
    }),
    'disabled_by': None,
    'discovery_keys': dict({
    }),
    'domain': 'yalexs_ble_activity',
    'minor_version': 1,
    'options': dict({
    }),
    'pref_disable_new_entities': False,
    'pref_disable_polling': False,
    'source': 'user',
    'subentries': list([
    ]),
    'title': 'Yale Access Bluetooth Activity',
    'unique_id': None,
    'version': 1,
  })
# ---
